// Jest Snapshot v1, https://goo.gl/fbAQLP

exports[`<ReadingList /> renders properly 1`] = `
<div
  class="home item-list"
>
  <div
    class="side-bar"
  >
    <div
      class="widget filters"
    >
      <input
        onKeyUp={[Function]}
        placeHolder="search your list"
      />
      <div
        class="filters-header"
      >
        <h4
          class="filters-header-text"
        >
          My Collections
        </h4>
        All Articles
        <section
          class="new-collection-container"
        >
          <p
            class="new-collection-heading"
          >
            Create a New Collection
          </p>
          <input
            class="new-collection-input"
            onChange={[Function]}
            placeholder="name of collection..."
            type="text"
            value=""
          />
          <button
            class="new-collection-button"
            onClick={[Function]}
          >
            save
          </button>
        </section>
        <button
          onClick={[Function]}
        >
          LOG HEADINGS
        </button>
      </div>
      <div
        class="tags"
      >
        <a
          class="tag "
          data-no-instant={true}
          href="/t/discuss"
          onClick={[Function]}
        >
          #discuss
        </a>
      </div>
      <div
        class="status-view-toggle"
      >
        <a
          data-no-instant={true}
          href="/readinglist/archive"
          onClick={[Function]}
        >
          View Archive
        </a>
      </div>
    </div>
  </div>
  <div
    class="items-container"
  >
    <div
      class="results "
    >
      <div
        class="results-header"
      >
        Reading List (empty)
      </div>
      <div>
        <div
          class="items-empty"
        >
          <h1>
            Your Archive List is Lonely
          </h1>
        </div>
      </div>
    </div>
  </div>
</div>
`;
